--------------------------------------------------------------------------------
Release 14.7 Trace  (nt64)
Copyright (c) 1995-2013 Xilinx, Inc.  All rights reserved.

E:\Xilinx_Software\14.7\ISE_DS\ISE\bin\nt64\unwrapped\trce.exe -intstyle ise -v
3 -s 3 -n 3 -fastpaths -xml mips.twx mips.ncd -o mips.twr mips.pcf

Design file:              mips.ncd
Physical constraint file: mips.pcf
Device,package,speed:     xc6slx9,tqg144,C,-3 (PRODUCTION 1.23 2013-10-13)
Report level:             verbose report

Environment Variable      Effect 
--------------------      ------ 
NONE                      No environment variables were set
--------------------------------------------------------------------------------

INFO:Timing:2698 - No timing constraints found, doing default enumeration.
INFO:Timing:3412 - To improve timing, see the Timing Closure User Guide (UG612).
INFO:Timing:2752 - To get complete path coverage, use the unconstrained paths 
   option. All paths that are not constrained will be reported in the 
   unconstrained paths section(s) of the report.
INFO:Timing:3339 - The clock-to-out numbers in this timing report are based on 
   a 50 Ohm transmission line loading model.  For the details of this model, 
   and for more information on accounting for different loading conditions, 
   please see the device datasheet.



Data Sheet report:
-----------------
All values displayed in nanoseconds (ns)

Clock clk to Pad
--------------+-----------------+------------+-----------------+------------+------------------+--------+
              |Max (slowest) clk|  Process   |Min (fastest) clk|  Process   |                  | Clock  |
Destination   |  (edge) to PAD  |   Corner   |  (edge) to PAD  |   Corner   |Internal Clock(s) | Phase  |
--------------+-----------------+------------+-----------------+------------+------------------+--------+
alu_result<0> |        13.338(R)|      SLOW  |         6.783(R)|      FAST  |clk_BUFGP         |   0.000|
alu_result<1> |        13.020(R)|      SLOW  |         6.386(R)|      FAST  |clk_BUFGP         |   0.000|
alu_result<2> |        12.481(R)|      SLOW  |         5.991(R)|      FAST  |clk_BUFGP         |   0.000|
alu_result<3> |        12.731(R)|      SLOW  |         5.469(R)|      FAST  |clk_BUFGP         |   0.000|
alu_result<4> |        12.253(R)|      SLOW  |         5.524(R)|      FAST  |clk_BUFGP         |   0.000|
alu_result<5> |        12.267(R)|      SLOW  |         5.514(R)|      FAST  |clk_BUFGP         |   0.000|
alu_result<6> |        12.182(R)|      SLOW  |         5.593(R)|      FAST  |clk_BUFGP         |   0.000|
alu_result<7> |        12.375(R)|      SLOW  |         5.734(R)|      FAST  |clk_BUFGP         |   0.000|
alu_result<8> |        12.182(R)|      SLOW  |         5.429(R)|      FAST  |clk_BUFGP         |   0.000|
alu_result<9> |        12.292(R)|      SLOW  |         5.531(R)|      FAST  |clk_BUFGP         |   0.000|
alu_result<10>|        12.164(R)|      SLOW  |         5.510(R)|      FAST  |clk_BUFGP         |   0.000|
alu_result<11>|        11.858(R)|      SLOW  |         5.414(R)|      FAST  |clk_BUFGP         |   0.000|
alu_result<12>|        11.801(R)|      SLOW  |         5.053(R)|      FAST  |clk_BUFGP         |   0.000|
alu_result<13>|        11.551(R)|      SLOW  |         5.087(R)|      FAST  |clk_BUFGP         |   0.000|
alu_result<14>|        11.174(R)|      SLOW  |         4.677(R)|      FAST  |clk_BUFGP         |   0.000|
alu_result<15>|        11.946(R)|      SLOW  |         5.306(R)|      FAST  |clk_BUFGP         |   0.000|
alu_result<16>|        12.084(R)|      SLOW  |         5.216(R)|      FAST  |clk_BUFGP         |   0.000|
alu_result<17>|        13.446(R)|      SLOW  |         5.633(R)|      FAST  |clk_BUFGP         |   0.000|
alu_result<18>|        12.328(R)|      SLOW  |         5.306(R)|      FAST  |clk_BUFGP         |   0.000|
alu_result<19>|        11.758(R)|      SLOW  |         4.988(R)|      FAST  |clk_BUFGP         |   0.000|
alu_result<20>|        12.138(R)|      SLOW  |         4.886(R)|      FAST  |clk_BUFGP         |   0.000|
alu_result<21>|        11.845(R)|      SLOW  |         4.945(R)|      FAST  |clk_BUFGP         |   0.000|
alu_result<22>|        11.451(R)|      SLOW  |         4.726(R)|      FAST  |clk_BUFGP         |   0.000|
alu_result<23>|        11.182(R)|      SLOW  |         4.560(R)|      FAST  |clk_BUFGP         |   0.000|
alu_result<24>|        11.198(R)|      SLOW  |         4.476(R)|      FAST  |clk_BUFGP         |   0.000|
alu_result<25>|        11.291(R)|      SLOW  |         4.659(R)|      FAST  |clk_BUFGP         |   0.000|
alu_result<26>|        11.737(R)|      SLOW  |         4.829(R)|      FAST  |clk_BUFGP         |   0.000|
alu_result<27>|        12.184(R)|      SLOW  |         5.032(R)|      FAST  |clk_BUFGP         |   0.000|
alu_result<28>|        12.077(R)|      SLOW  |         4.952(R)|      FAST  |clk_BUFGP         |   0.000|
alu_result<29>|        12.198(R)|      SLOW  |         4.980(R)|      FAST  |clk_BUFGP         |   0.000|
alu_result<30>|        11.784(R)|      SLOW  |         4.906(R)|      FAST  |clk_BUFGP         |   0.000|
alu_result<31>|        12.173(R)|      SLOW  |         5.036(R)|      FAST  |clk_BUFGP         |   0.000|
pc_out<2>     |        10.029(R)|      SLOW  |         5.546(R)|      FAST  |clk_BUFGP         |   0.000|
pc_out<3>     |         9.790(R)|      SLOW  |         5.413(R)|      FAST  |clk_BUFGP         |   0.000|
pc_out<4>     |         9.917(R)|      SLOW  |         5.445(R)|      FAST  |clk_BUFGP         |   0.000|
pc_out<5>     |         9.285(R)|      SLOW  |         5.045(R)|      FAST  |clk_BUFGP         |   0.000|
pc_out<6>     |         9.476(R)|      SLOW  |         5.180(R)|      FAST  |clk_BUFGP         |   0.000|
pc_out<7>     |         9.318(R)|      SLOW  |         5.086(R)|      FAST  |clk_BUFGP         |   0.000|
pc_out<8>     |         9.540(R)|      SLOW  |         5.161(R)|      FAST  |clk_BUFGP         |   0.000|
pc_out<9>     |         9.607(R)|      SLOW  |         5.230(R)|      FAST  |clk_BUFGP         |   0.000|
pc_out<10>    |         9.646(R)|      SLOW  |         5.294(R)|      FAST  |clk_BUFGP         |   0.000|
pc_out<11>    |         9.495(R)|      SLOW  |         5.165(R)|      FAST  |clk_BUFGP         |   0.000|
pc_out<12>    |         9.445(R)|      SLOW  |         5.211(R)|      FAST  |clk_BUFGP         |   0.000|
pc_out<13>    |         9.566(R)|      SLOW  |         5.220(R)|      FAST  |clk_BUFGP         |   0.000|
pc_out<14>    |         9.625(R)|      SLOW  |         5.319(R)|      FAST  |clk_BUFGP         |   0.000|
pc_out<15>    |         9.207(R)|      SLOW  |         5.051(R)|      FAST  |clk_BUFGP         |   0.000|
pc_out<16>    |         9.758(R)|      SLOW  |         5.393(R)|      FAST  |clk_BUFGP         |   0.000|
pc_out<17>    |         9.751(R)|      SLOW  |         5.384(R)|      FAST  |clk_BUFGP         |   0.000|
pc_out<18>    |         9.910(R)|      SLOW  |         5.461(R)|      FAST  |clk_BUFGP         |   0.000|
pc_out<19>    |        10.162(R)|      SLOW  |         5.636(R)|      FAST  |clk_BUFGP         |   0.000|
pc_out<20>    |         9.855(R)|      SLOW  |         5.477(R)|      FAST  |clk_BUFGP         |   0.000|
pc_out<21>    |        10.079(R)|      SLOW  |         5.620(R)|      FAST  |clk_BUFGP         |   0.000|
pc_out<22>    |         9.990(R)|      SLOW  |         5.554(R)|      FAST  |clk_BUFGP         |   0.000|
pc_out<23>    |         9.739(R)|      SLOW  |         5.373(R)|      FAST  |clk_BUFGP         |   0.000|
pc_out<24>    |         9.861(R)|      SLOW  |         5.481(R)|      FAST  |clk_BUFGP         |   0.000|
pc_out<25>    |         9.789(R)|      SLOW  |         5.424(R)|      FAST  |clk_BUFGP         |   0.000|
pc_out<26>    |        10.112(R)|      SLOW  |         5.583(R)|      FAST  |clk_BUFGP         |   0.000|
pc_out<27>    |         9.572(R)|      SLOW  |         5.275(R)|      FAST  |clk_BUFGP         |   0.000|
pc_out<28>    |         9.452(R)|      SLOW  |         5.202(R)|      FAST  |clk_BUFGP         |   0.000|
pc_out<29>    |         9.251(R)|      SLOW  |         5.052(R)|      FAST  |clk_BUFGP         |   0.000|
pc_out<30>    |         9.060(R)|      SLOW  |         4.944(R)|      FAST  |clk_BUFGP         |   0.000|
pc_out<31>    |         9.324(R)|      SLOW  |         5.116(R)|      FAST  |clk_BUFGP         |   0.000|
--------------+-----------------+------------+-----------------+------------+------------------+--------+

Clock to Setup on destination clock clk
---------------+---------+---------+---------+---------+
               | Src:Rise| Src:Fall| Src:Rise| Src:Fall|
Source Clock   |Dest:Rise|Dest:Rise|Dest:Fall|Dest:Fall|
---------------+---------+---------+---------+---------+
clk            |    6.610|         |         |         |
---------------+---------+---------+---------+---------+


Analysis completed Thu Jul 23 15:12:13 2020 
--------------------------------------------------------------------------------

Trace Settings:
-------------------------
Trace Settings 

Peak Memory Usage: 4552 MB



